plugin_register functions/group_filter
[[0,0.0,0.0],true]
table_create prefectures TABLE_HASH_KEY ShortText
[[0,0.0,0.0],true]
table_create applicants TABLE_HASH_KEY ShortText
[[0,0.0,0.0],true]
table_create ipcs TABLE_HASH_KEY ShortText
[[0,0.0,0.0],true]
table_create docs TABLE_HASH_KEY ShortText
[[0,0.0,0.0],true]
column_create docs applicants COLUMN_VECTOR applicants
[[0,0.0,0.0],true]
column_create docs ipcs COLUMN_VECTOR ShortText
[[0,0.0,0.0],true]
load --table docs
[
{"_key": "JP2001213456", "applicants": ["三洋", "三洋オプテックデザイン"], "ipcs": ["G06F", "G04A"]},
{"_key": "JP2001213457", "applicants": ["パナソニック"], "ipcs": ["G04A"]},
{"_key": "JP2001213458", "applicants": ["ソニー"], "ipcs": ["G06F", "G04B"]},
{"_key": "JP2001213459", "applicants": ["パナソニック", "三洋"], "ipcs": ["G06F"]}
]
[[0,0.0,0.0],4]
column_create applicants applicants COLUMN_INDEX docs applicants
[[0,0.0,0.0],true]
column_create ipcs ipcs COLUMN_INDEX docs ipcs
[[0,0.0,0.0],true]
column_create applicants prefecture COLUMN_SCALAR prefectures
[[0,0.0,0.0],true]
load --table applicants
[
{"_key": "パナソニック", "prefecture": "大阪"},
{"_key": "三洋オプテックデザイン", "prefecture": "岐阜"},
{"_key": "ソニー", "prefecture": "東京"}
]
[[0,0.0,0.0],3]
column_create prefectures applicants_index COLUMN_INDEX applicants prefecture
[[0,0.0,0.0],true]
select docs   --filter '_id >= 1 && group_filter("applicants.prefecture", 2) && group_filter(ipcs, 2)'   --output_columns _id,_score,_key,applicants,#group_applicants_prefecture,ipcs,#group_ipcs   --drilldowns[applicants_ipcs].keys #group_applicants_prefecture,#group_ipcs   --drilldowns[applicants_ipcs].columns[applicant].stage initial   --drilldowns[applicants_ipcs].columns[applicant].type prefectures   --drilldowns[applicants_ipcs].columns[applicant].flags COLUMN_SCALAR   --drilldowns[applicants_ipcs].columns[applicant].value '_key[0]'   --drilldowns[applicants_ipcs].columns[ipc].stage initial   --drilldowns[applicants_ipcs].columns[ipc].type ipcs   --drilldowns[applicants_ipcs].columns[ipc].flags COLUMN_SCALAR   --drilldowns[applicants_ipcs].columns[ipc].value '_key[1]'   --drilldowns[applicants_ipcs].output_columns applicant,ipc,_nsubrecs   --drilldowns[applicants_ipcs].sort_keys applicant,ipc   --drilldowns[applicants_ipcs].limit -1
[
  [
    0,
    0.0,
    0.0
  ],
  [
    [
      [
        3
      ],
      [
        [
          "_id",
          "UInt32"
        ],
        [
          "_score",
          "Int32"
        ],
        [
          "_key",
          "ShortText"
        ],
        [
          "applicants",
          "applicants"
        ],
        [
          "#group_applicants_prefecture",
          "prefectures"
        ],
        [
          "ipcs",
          "ShortText"
        ],
        [
          "#group_ipcs",
          "ShortText"
        ]
      ],
      [
        1,
        4,
        "JP2001213456",
        [
          "三洋",
          "三洋オプテックデザイン"
        ],
        [
          "岐阜"
        ],
        [
          "G06F",
          "G04A"
        ],
        [
          "G06F",
          "G04A"
        ]
      ],
      [
        2,
        3,
        "JP2001213457",
        [
          "パナソニック"
        ],
        [
          "大阪"
        ],
        [
          "G04A"
        ],
        [
          "G04A"
        ]
      ],
      [
        4,
        3,
        "JP2001213459",
        [
          "パナソニック",
          "三洋"
        ],
        [
          "大阪"
        ],
        [
          "G06F"
        ],
        [
          "G06F"
        ]
      ]
    ],
    {
      "applicants_ipcs": [
        [
          4
        ],
        [
          [
            "applicant",
            "prefectures"
          ],
          [
            "ipc",
            "ipcs"
          ],
          [
            "_nsubrecs",
            "Int32"
          ]
        ],
        [
          "大阪",
          "G06F",
          1
        ],
        [
          "大阪",
          "G04A",
          1
        ],
        [
          "岐阜",
          "G06F",
          1
        ],
        [
          "岐阜",
          "G04A",
          1
        ]
      ]
    }
  ]
]
